To honour the JVM settings for this build a single-use Daemon process will be forked. See https://docs.gradle.org/7.6.4/userguide/gradle_daemon.html#sec:disabling_the_daemon.
Daemon will be stopped at the end of the build 

> Task :forge:compileJava FAILED
C:\Users\kubil\IdeaProjects\Safra-1.14.4\common\src\main\java\org\developerkubilay\safra\p2p\SafraRendezvousClient.java:263: error: ';' expected
        Throwable cause = exception instanceof java.util.concurrent.ExecutionException executionException
                                                                                      ^
C:\Users\kubil\IdeaProjects\Safra-1.14.4\common\src\main\java\org\developerkubilay\safra\p2p\SafraRendezvousClient.java:264: error: not a statement
            ? executionException.getCause()
            ^
C:\Users\kubil\IdeaProjects\Safra-1.14.4\common\src\main\java\org\developerkubilay\safra\p2p\SafraRendezvousClient.java:266: error: ')' expected
        if (cause instanceof IOException ioException) {
                                        ^
C:\Users\kubil\IdeaProjects\Safra-1.14.4\common\src\main\java\org\developerkubilay\safra\p2p\SafraRendezvousClient.java:266: error: not a statement
        if (cause instanceof IOException ioException) {
                                         ^
C:\Users\kubil\IdeaProjects\Safra-1.14.4\common\src\main\java\org\developerkubilay\safra\p2p\SafraRendezvousClient.java:266: error: ';' expected
        if (cause instanceof IOException ioException) {
                                                    ^
C:\Users\kubil\IdeaProjects\Safra-1.14.4\common\src\main\java\org\developerkubilay\safra\p2p\SafraRendezvousClient.java:584: error: illegal start of expression
        static UdpEndpoint from(InetSocketAddress publicEndpoint) {
        ^
C:\Users\kubil\IdeaProjects\Safra-1.14.4\common\src\main\java\org\developerkubilay\safra\p2p\SafraRendezvousClient.java:584: error: ';' expected
        static UdpEndpoint from(InetSocketAddress publicEndpoint) {
                               ^
C:\Users\kubil\IdeaProjects\Safra-1.14.4\common\src\main\java\org\developerkubilay\safra\p2p\SafraRendezvousClient.java:584: error: ';' expected
        static UdpEndpoint from(InetSocketAddress publicEndpoint) {
                                                                ^
C:\Users\kubil\IdeaProjects\Safra-1.14.4\common\src\main\java\org\developerkubilay\safra\p2p\SafraRendezvousClient.java:591: error: illegal start of expression
        static JsonArray toJsonArray(Collection<InetSocketAddress> publicEndpoints) {
        ^
C:\Users\kubil\IdeaProjects\Safra-1.14.4\common\src\main\java\org\developerkubilay\safra\p2p\SafraRendezvousClient.java:591: error: ';' expected
        static JsonArray toJsonArray(Collection<InetSocketAddress> publicEndpoints) {
                                    ^
C:\Users\kubil\IdeaProjects\Safra-1.14.4\common\src\main\java\org\developerkubilay\safra\p2p\SafraRendezvousClient.java:591: error: ';' expected
        static JsonArray toJsonArray(Collection<InetSocketAddress> publicEndpoints) {
                                                                                  ^
C:\Users\kubil\IdeaProjects\Safra-1.14.4\common\src\main\java\org\developerkubilay\safra\p2p\SafraRendezvousClient.java:606: error: ';' expected
        JsonObject toJson() {
                         ^
C:\Users\kubil\IdeaProjects\Safra-1.14.4\common\src\main\java\org\developerkubilay\safra\p2p\turn\P2pTurnCredentialClient.java:122: error: illegal start of expression
        String scheme = switch (baseUri.getScheme().toLowerCase(Locale.ROOT)) {
                        ^
C:\Users\kubil\IdeaProjects\Safra-1.14.4\common\src\main\java\org\developerkubilay\safra\p2p\turn\P2pTurnCredentialClient.java:122: error: not a statement
        String scheme = switch (baseUri.getScheme().toLowerCase(Locale.ROOT)) {
                               ^
C:\Users\kubil\IdeaProjects\Safra-1.14.4\common\src\main\java\org\developerkubilay\safra\p2p\turn\P2pTurnCredentialClient.java:122: error: ';' expected
        String scheme = switch (baseUri.getScheme().toLowerCase(Locale.ROOT)) {
                                                                             ^
C:\Users\kubil\IdeaProjects\Safra-1.14.4\common\src\main\java\org\developerkubilay\safra\p2p\turn\P2pTurnCredentialClient.java:123: error: orphaned case
            case "http", "https" -> baseUri.getScheme().toLowerCase(Locale.ROOT);
            ^
C:\Users\kubil\IdeaProjects\Safra-1.14.4\common\src\main\java\org\developerkubilay\safra\p2p\turn\P2pTurnCredentialClient.java:123: error: : expected
            case "http", "https" -> baseUri.getScheme().toLowerCase(Locale.ROOT);
                       ^
C:\Users\kubil\IdeaProjects\Safra-1.14.4\common\src\main\java\org\developerkubilay\safra\p2p\turn\P2pTurnCredentialClient.java:123: error: ';' expected
            case "http", "https" -> baseUri.getScheme().toLowerCase(Locale.ROOT);
                        ^
C:\Users\kubil\IdeaProjects\Safra-1.14.4\common\src\main\java\org\developerkubilay\safra\p2p\turn\P2pTurnCredentialClient.java:123: error: illegal start of expression
            case "http", "https" -> baseUri.getScheme().toLowerCase(Locale.ROOT);
                                 ^
C:\Users\kubil\IdeaProjects\Safra-1.14.4\common\src\main\java\org\developerkubilay\safra\p2p\turn\P2pTurnCredentialClient.java:123: error: ';' expected
            case "http", "https" -> baseUri.getScheme().toLowerCase(Locale.ROOT);
                                           ^
C:\Users\kubil\IdeaProjects\Safra-1.14.4\common\src\main\java\org\developerkubilay\safra\p2p\turn\P2pTurnCredentialClient.java:124: error: : expected
            case "ws" -> "http";
                     ^
C:\Users\kubil\IdeaProjects\Safra-1.14.4\common\src\main\java\org\developerkubilay\safra\p2p\turn\P2pTurnCredentialClient.java:124: error: illegal start of expression
            case "ws" -> "http";
                      ^
C:\Users\kubil\IdeaProjects\Safra-1.14.4\common\src\main\java\org\developerkubilay\safra\p2p\turn\P2pTurnCredentialClient.java:124: error: ';' expected
            case "ws" -> "http";
                        ^
C:\Users\kubil\IdeaProjects\Safra-1.14.4\common\src\main\java\org\developerkubilay\safra\p2p\turn\P2pTurnCredentialClient.java:125: error: : expected
            case "wss" -> "https";
                      ^
C:\Users\kubil\IdeaProjects\Safra-1.14.4\common\src\main\java\org\developerkubilay\safra\p2p\turn\P2pTurnCredentialClient.java:125: error: illegal start of expression
            case "wss" -> "https";
                       ^
C:\Users\kubil\IdeaProjects\Safra-1.14.4\common\src\main\java\org\developerkubilay\safra\p2p\turn\P2pTurnCredentialClient.java:125: error: ';' expected
            case "wss" -> "https";
                         ^
C:\Users\kubil\IdeaProjects\Safra-1.14.4\common\src\main\java\org\developerkubilay\safra\p2p\turn\P2pTurnCredentialClient.java:126: error: : expected
            default -> throw new IllegalArgumentException("unsupported rendezvous URL scheme: " + baseUri.getScheme());
                   ^
C:\Users\kubil\IdeaProjects\Safra-1.14.4\common\src\main\java\org\developerkubilay\safra\p2p\turn\P2pTurnCredentialClient.java:126: error: illegal start of expression
            default -> throw new IllegalArgumentException("unsupported rendezvous URL scheme: " + baseUri.getScheme());
                    ^
C:\Users\kubil\IdeaProjects\Safra-1.14.4\common\src\main\java\org\developerkubilay\safra\p2p\turn\P2pTurnCredentialClient.java:126: error: ';' expected
            default -> throw new IllegalArgumentException("unsupported rendezvous URL scheme: " + baseUri.getScheme());
                      ^
C:\Users\kubil\IdeaProjects\Safra-1.14.4\common\src\main\java\org\developerkubilay\safra\p2p\turn\P2pTurnCredentials.java:5: error: class, interface, or enum expected
public record P2pTurnCredentials(
       ^
C:\Users\kubil\IdeaProjects\Safra-1.14.4\common\src\main\java\org\developerkubilay\safra\p2p\turn\P2pTurnCredentials.java:11: error: class, interface, or enum expected
    public record TurnServer(String host, int port) {
           ^
C:\Users\kubil\IdeaProjects\Safra-1.14.4\common\src\main\java\org\developerkubilay\safra\p2p\turn\P2pTurnDatagramTransport.java:121: error: ')' expected
        if (!(packet.getSocketAddress() instanceof InetSocketAddress remoteAddress)) {
                                                                    ^
C:\Users\kubil\IdeaProjects\Safra-1.14.4\common\src\main\java\org\developerkubilay\safra\p2p\turn\P2pTurnDatagramTransport.java:121: error: illegal start of expression
        if (!(packet.getSocketAddress() instanceof InetSocketAddress remoteAddress)) {
                                                                                  ^
C:\Users\kubil\IdeaProjects\Safra-1.14.4\common\src\main\java\org\developerkubilay\safra\p2p\turn\P2pTurnDatagramTransport.java:121: error: ';' expected
        if (!(packet.getSocketAddress() instanceof InetSocketAddress remoteAddress)) {
                                                                                   ^
C:\Users\kubil\IdeaProjects\Safra-1.14.4\common\src\main\java\org\developerkubilay\safra\p2p\turn\P2pTurnDatagramTransport.java:340: error: ')' expected
            if (cause instanceof IOException ioException) {
                                            ^
C:\Users\kubil\IdeaProjects\Safra-1.14.4\common\src\main\java\org\developerkubilay\safra\p2p\turn\P2pTurnDatagramTransport.java:340: error: not a statement
            if (cause instanceof IOException ioException) {
                                             ^
C:\Users\kubil\IdeaProjects\Safra-1.14.4\common\src\main\java\org\developerkubilay\safra\p2p\turn\P2pTurnDatagramTransport.java:340: error: ';' expected
            if (cause instanceof IOException ioException) {
                                                        ^
C:\Users\kubil\IdeaProjects\Safra-1.14.4\common\src\main\java\org\developerkubilay\safra\p2p\turn\P2pTurnMessage.java:13: error: class, interface, or enum expected
record P2pTurnMessage(int type, byte[] transactionId, Map<Integer, byte[]> attributes) {
^
C:\Users\kubil\IdeaProjects\Safra-1.14.4\common\src\main\java\org\developerkubilay\safra\p2p\turn\P2pTurnMessage.java:17: error: class, interface, or enum expected
        }
        ^
C:\Users\kubil\IdeaProjects\Safra-1.14.4\common\src\main\java\org\developerkubilay\safra\p2p\turn\P2pTurnMessage.java:20: error: class, interface, or enum expected
        int type = Short.toUnsignedInt(buffer.getShort());
        ^
C:\Users\kubil\IdeaProjects\Safra-1.14.4\common\src\main\java\org\developerkubilay\safra\p2p\turn\P2pTurnMessage.java:21: error: class, interface, or enum expected
        int messageLength = Short.toUnsignedInt(buffer.getShort());
        ^
C:\Users\kubil\IdeaProjects\Safra-1.14.4\common\src\main\java\org\developerkubilay\safra\p2p\turn\P2pTurnMessage.java:22: error: class, interface, or enum expected
        if (buffer.getInt() != P2pTurnProtocol.MAGIC_COOKIE || messageLength > buffer.remaining()) {
        ^
C:\Users\kubil\IdeaProjects\Safra-1.14.4\common\src\main\java\org\developerkubilay\safra\p2p\turn\P2pTurnMessage.java:24: error: class, interface, or enum expected
        }
        ^
C:\Users\kubil\IdeaProjects\Safra-1.14.4\common\src\main\java\org\developerkubilay\safra\p2p\turn\P2pTurnMessage.java:27: error: class, interface, or enum expected
        buffer.get(transactionId);
        ^
C:\Users\kubil\IdeaProjects\Safra-1.14.4\common\src\main\java\org\developerkubilay\safra\p2p\turn\P2pTurnMessage.java:28: error: class, interface, or enum expected
        Map<Integer, byte[]> attributes = new HashMap<>();
        ^
C:\Users\kubil\IdeaProjects\Safra-1.14.4\common\src\main\java\org\developerkubilay\safra\p2p\turn\P2pTurnMessage.java:29: error: class, interface, or enum expected
        while (buffer.remaining() >= 4) {
        ^
C:\Users\kubil\IdeaProjects\Safra-1.14.4\common\src\main\java\org\developerkubilay\safra\p2p\turn\P2pTurnMessage.java:31: error: class, interface, or enum expected
            int attributeLength = Short.toUnsignedInt(buffer.getShort());
            ^
C:\Users\kubil\IdeaProjects\Safra-1.14.4\common\src\main\java\org\developerkubilay\safra\p2p\turn\P2pTurnMessage.java:32: error: class, interface, or enum expected
            if (attributeLength > buffer.remaining()) {
            ^
C:\Users\kubil\IdeaProjects\Safra-1.14.4\common\src\main\java\org\developerkubilay\safra\p2p\turn\P2pTurnMessage.java:34: error: class, interface, or enum expected
            }
            ^
C:\Users\kubil\IdeaProjects\Safra-1.14.4\common\src\main\java\org\developerkubilay\safra\p2p\turn\P2pTurnMessage.java:36: error: class, interface, or enum expected
            buffer.get(value);
            ^
C:\Users\kubil\IdeaProjects\Safra-1.14.4\common\src\main\java\org\developerkubilay\safra\p2p\turn\P2pTurnMessage.java:37: error: class, interface, or enum expected
            attributes.putIfAbsent(attributeType, value);
            ^
C:\Users\kubil\IdeaProjects\Safra-1.14.4\common\src\main\java\org\developerkubilay\safra\p2p\turn\P2pTurnMessage.java:38: error: class, interface, or enum expected
            int padding = (4 - (attributeLength & 3)) & 3;
            ^
C:\Users\kubil\IdeaProjects\Safra-1.14.4\common\src\main\java\org\developerkubilay\safra\p2p\turn\P2pTurnMessage.java:39: error: class, interface, or enum expected
            if (padding > buffer.remaining()) {
            ^
C:\Users\kubil\IdeaProjects\Safra-1.14.4\common\src\main\java\org\developerkubilay\safra\p2p\turn\P2pTurnMessage.java:41: error: class, interface, or enum expected
            }
            ^
C:\Users\kubil\IdeaProjects\Safra-1.14.4\common\src\main\java\org\developerkubilay\safra\p2p\turn\P2pTurnMessage.java:43: error: class, interface, or enum expected
        }
        ^
C:\Users\kubil\IdeaProjects\Safra-1.14.4\common\src\main\java\org\developerkubilay\safra\p2p\turn\P2pTurnMessage.java:45: error: class, interface, or enum expected
    }
    ^
C:\Users\kubil\IdeaProjects\Safra-1.14.4\common\src\main\java\org\developerkubilay\safra\p2p\turn\P2pTurnMessage.java:49: error: class, interface, or enum expected
    }
    ^
C:\Users\kubil\IdeaProjects\Safra-1.14.4\common\src\main\java\org\developerkubilay\safra\p2p\turn\P2pTurnMessage.java:53: error: class, interface, or enum expected
        return value == null ? "" : new String(value, StandardCharsets.UTF_8).trim();
        ^
C:\Users\kubil\IdeaProjects\Safra-1.14.4\common\src\main\java\org\developerkubilay\safra\p2p\turn\P2pTurnMessage.java:54: error: class, interface, or enum expected
    }
    ^
C:\Users\kubil\IdeaProjects\Safra-1.14.4\common\src\main\java\org\developerkubilay\safra\p2p\turn\P2pTurnMessage.java:58: error: class, interface, or enum expected
        if (value == null || value.length < 4) {
        ^
C:\Users\kubil\IdeaProjects\Safra-1.14.4\common\src\main\java\org\developerkubilay\safra\p2p\turn\P2pTurnMessage.java:60: error: class, interface, or enum expected
        }
        ^
C:\Users\kubil\IdeaProjects\Safra-1.14.4\common\src\main\java\org\developerkubilay\safra\p2p\turn\P2pTurnMessage.java:62: error: class, interface, or enum expected
    }
    ^
C:\Users\kubil\IdeaProjects\Safra-1.14.4\common\src\main\java\org\developerkubilay\safra\p2p\turn\P2pTurnMessage.java:66: error: class, interface, or enum expected
        if (value == null || value.length <= 4) {
        ^
C:\Users\kubil\IdeaProjects\Safra-1.14.4\common\src\main\java\org\developerkubilay\safra\p2p\turn\P2pTurnMessage.java:68: error: class, interface, or enum expected
        }
        ^
C:\Users\kubil\IdeaProjects\Safra-1.14.4\common\src\main\java\org\developerkubilay\safra\p2p\turn\P2pTurnMessage.java:70: error: class, interface, or enum expected
    }
    ^
C:\Users\kubil\IdeaProjects\Safra-1.14.4\common\src\main\java\org\developerkubilay\safra\p2p\turn\P2pTurnMessage.java:74: error: class, interface, or enum expected
        if (value == null || value.length < 8) {
        ^
C:\Users\kubil\IdeaProjects\Safra-1.14.4\common\src\main\java\org\developerkubilay\safra\p2p\turn\P2pTurnMessage.java:76: error: class, interface, or enum expected
        }
        ^
C:\Users\kubil\IdeaProjects\Safra-1.14.4\common\src\main\java\org\developerkubilay\safra\p2p\turn\P2pTurnMessage.java:79: error: class, interface, or enum expected
        int port = Short.toUnsignedInt(ByteBuffer.wrap(value, 2, 2).getShort()) ^ (P2pTurnProtocol.MAGIC_COOKIE >>> 16);
        ^
C:\Users\kubil\IdeaProjects\Safra-1.14.4\common\src\main\java\org\developerkubilay\safra\p2p\turn\P2pTurnMessage.java:80: error: class, interface, or enum expected
        byte[] addressBytes;
        ^
C:\Users\kubil\IdeaProjects\Safra-1.14.4\common\src\main\java\org\developerkubilay\safra\p2p\turn\P2pTurnMessage.java:81: error: class, interface, or enum expected
        if (family == 0x01) {
        ^
C:\Users\kubil\IdeaProjects\Safra-1.14.4\common\src\main\java\org\developerkubilay\safra\p2p\turn\P2pTurnMessage.java:83: error: class, interface, or enum expected
            byte[] cookieBytes = ByteBuffer.allocate(4).putInt(P2pTurnProtocol.MAGIC_COOKIE).array();
            ^
C:\Users\kubil\IdeaProjects\Safra-1.14.4\common\src\main\java\org\developerkubilay\safra\p2p\turn\P2pTurnMessage.java:84: error: class, interface, or enum expected
            for (int index = 0; index < addressBytes.length; index++) {
            ^
C:\Users\kubil\IdeaProjects\Safra-1.14.4\common\src\main\java\org\developerkubilay\safra\p2p\turn\P2pTurnMessage.java:84: error: class, interface, or enum expected
            for (int index = 0; index < addressBytes.length; index++) {
                                ^
C:\Users\kubil\IdeaProjects\Safra-1.14.4\common\src\main\java\org\developerkubilay\safra\p2p\turn\P2pTurnMessage.java:84: error: class, interface, or enum expected
            for (int index = 0; index < addressBytes.length; index++) {
                                                             ^
C:\Users\kubil\IdeaProjects\Safra-1.14.4\common\src\main\java\org\developerkubilay\safra\p2p\turn\P2pTurnMessage.java:86: error: class, interface, or enum expected
            }
            ^
C:\Users\kubil\IdeaProjects\Safra-1.14.4\common\src\main\java\org\developerkubilay\safra\p2p\turn\P2pTurnMessage.java:89: error: class, interface, or enum expected
            byte[] mask = ByteBuffer.allocate(16).putInt(P2pTurnProtocol.MAGIC_COOKIE).put(transactionId).array();
            ^
C:\Users\kubil\IdeaProjects\Safra-1.14.4\common\src\main\java\org\developerkubilay\safra\p2p\turn\P2pTurnMessage.java:90: error: class, interface, or enum expected
            for (int index = 0; index < addressBytes.length; index++) {
            ^
C:\Users\kubil\IdeaProjects\Safra-1.14.4\common\src\main\java\org\developerkubilay\safra\p2p\turn\P2pTurnMessage.java:90: error: class, interface, or enum expected
            for (int index = 0; index < addressBytes.length; index++) {
                                ^
C:\Users\kubil\IdeaProjects\Safra-1.14.4\common\src\main\java\org\developerkubilay\safra\p2p\turn\P2pTurnMessage.java:90: error: class, interface, or enum expected
            for (int index = 0; index < addressBytes.length; index++) {
                                                             ^
C:\Users\kubil\IdeaProjects\Safra-1.14.4\common\src\main\java\org\developerkubilay\safra\p2p\turn\P2pTurnMessage.java:92: error: class, interface, or enum expected
            }
            ^
C:\Users\kubil\IdeaProjects\Safra-1.14.4\common\src\main\java\org\developerkubilay\safra\p2p\turn\P2pTurnMessage.java:95: error: class, interface, or enum expected
        }
        ^
C:\Users\kubil\IdeaProjects\Safra-1.14.4\common\src\main\java\org\developerkubilay\safra\p2p\turn\P2pTurnMessage.java:99: error: class, interface, or enum expected
        } catch (IOException exception) {
        ^
C:\Users\kubil\IdeaProjects\Safra-1.14.4\common\src\main\java\org\developerkubilay\safra\p2p\turn\P2pTurnMessage.java:101: error: class, interface, or enum expected
        }
        ^
C:\Users\kubil\IdeaProjects\Safra-1.14.4\common\src\main\java\org\developerkubilay\safra\p2p\turn\P2pTurnProtocol.java:116: error: illegal start of expression
        return switch (requestType) {
               ^
C:\Users\kubil\IdeaProjects\Safra-1.14.4\common\src\main\java\org\developerkubilay\safra\p2p\turn\P2pTurnProtocol.java:116: error: not a statement
        return switch (requestType) {
                      ^
C:\Users\kubil\IdeaProjects\Safra-1.14.4\common\src\main\java\org\developerkubilay\safra\p2p\turn\P2pTurnProtocol.java:116: error: ';' expected
        return switch (requestType) {
                                   ^
C:\Users\kubil\IdeaProjects\Safra-1.14.4\common\src\main\java\org\developerkubilay\safra\p2p\turn\P2pTurnProtocol.java:117: error: orphaned case
            case TURN_ALLOCATE_REQUEST -> TURN_ALLOCATE_RESPONSE;
            ^
C:\Users\kubil\IdeaProjects\Safra-1.14.4\common\src\main\java\org\developerkubilay\safra\p2p\turn\P2pTurnProtocol.java:117: error: : expected
            case TURN_ALLOCATE_REQUEST -> TURN_ALLOCATE_RESPONSE;
                                                                ^
C:\Users\kubil\IdeaProjects\Safra-1.14.4\common\src\main\java\org\developerkubilay\safra\p2p\turn\P2pTurnProtocol.java:118: error: : expected
            case TURN_REFRESH_REQUEST -> TURN_REFRESH_RESPONSE;
                                                              ^
C:\Users\kubil\IdeaProjects\Safra-1.14.4\common\src\main\java\org\developerkubilay\safra\p2p\turn\P2pTurnProtocol.java:119: error: : expected
            case TURN_CREATE_PERMISSION_REQUEST -> TURN_CREATE_PERMISSION_RESPONSE;
                                                                                  ^
C:\Users\kubil\IdeaProjects\Safra-1.14.4\common\src\main\java\org\developerkubilay\safra\p2p\turn\P2pTurnProtocol.java:120: error: : expected
            default -> 0;
                   ^
C:\Users\kubil\IdeaProjects\Safra-1.14.4\common\src\main\java\org\developerkubilay\safra\p2p\turn\P2pTurnProtocol.java:120: error: illegal start of expression
            default -> 0;
                    ^
C:\Users\kubil\IdeaProjects\Safra-1.14.4\common\src\main\java\org\developerkubilay\safra\p2p\turn\P2pTurnProtocol.java:120: error: ';' expected
            default -> 0;
                      ^
C:\Users\kubil\IdeaProjects\Safra-1.14.4\common\src\main\java\org\developerkubilay\safra\p2p\turn\P2pTurnProtocol.java:125: error: illegal start of expression
        String type = switch (requestType) {
                      ^
C:\Users\kubil\IdeaProjects\Safra-1.14.4\common\src\main\java\org\developerkubilay\safra\p2p\turn\P2pTurnProtocol.java:125: error: not a statement
        String type = switch (requestType) {
                             ^
C:\Users\kubil\IdeaProjects\Safra-1.14.4\common\src\main\java\org\developerkubilay\safra\p2p\turn\P2pTurnProtocol.java:125: error: ';' expected
        String type = switch (requestType) {
                                          ^
C:\Users\kubil\IdeaProjects\Safra-1.14.4\common\src\main\java\org\developerkubilay\safra\p2p\turn\P2pTurnProtocol.java:126: error: orphaned case
            case TURN_ALLOCATE_REQUEST -> "allocate";
            ^
C:\Users\kubil\IdeaProjects\Safra-1.14.4\common\src\main\java\org\developerkubilay\safra\p2p\turn\P2pTurnProtocol.java:126: error: : expected
            case TURN_ALLOCATE_REQUEST -> "allocate";
                                                    ^
C:\Users\kubil\IdeaProjects\Safra-1.14.4\common\src\main\java\org\developerkubilay\safra\p2p\turn\P2pTurnProtocol.java:127: error: : expected
            case TURN_REFRESH_REQUEST -> "refresh";
                                                  ^
C:\Users\kubil\IdeaProjects\Safra-1.14.4\common\src\main\java\org\developerkubilay\safra\p2p\turn\P2pTurnProtocol.java:128: error: : expected
            case TURN_CREATE_PERMISSION_REQUEST -> "create-permission";
                                                                      ^
100 errors

FAILURE: Build failed with an exception.

* What went wrong:
Execution failed for task ':forge:compileJava'.
> Compilation failed; see the compiler error output for details.

* Try:
> Run with --stacktrace option to get the stack trace.
> Run with --info or --debug option to get more log output.
> Run with --scan to get full insights.

* Get more help at https://help.gradle.org

Deprecated Gradle features were used in this build, making it incompatible with Gradle 8.0.

You can use '--warning-mode all' to show the individual deprecation warnings and determine if they come from your own scripts or plugins.

See https://docs.gradle.org/7.6.4/userguide/command_line_interface.html#sec:command_line_warnings

1 actionable task: 1 executed
BU�LD FAILED in 11s
